../Core/Src/main.c:94:13:ST7789_WriteCommand	16	static
../Core/Src/main.c:100:13:ST7789_SetWindow_Fast	32	static
../Core/Src/main.c:125:6:DrawImageFromSD	640	static
../Core/Src/main.c:175:5:main	616	static
../Core/Src/main.c:257:6:SystemClock_Config	88	static
../Core/Src/main.c:304:13:MX_SPI1_Init	8	static
../Core/Src/main.c:342:13:MX_SPI2_Init	8	static
../Core/Src/main.c:378:13:MX_DMA_Init	16	static
../Core/Src/main.c:396:13:MX_GPIO_Init	40	static
../Core/Src/main.c:441:6:Error_Handler	4	static,ignoring_inline_asm
